------------------------------------------------------------
Timing Analyzer Summary
------------------------------------------------------------

Type  : Setup 'clk'
Slack : -4.568
TNS   : -80.542

Type  : Setup 'clk_500m_1s:inst|tffc[5]'
Slack : -1.798
TNS   : -1.798

Type  : Setup 'clk_500m_1s:inst|tffc[2]'
Slack : 0.457
TNS   : 0.000

Type  : Setup 'clk_500m_1s:inst|tffc[1]'
Slack : 0.793
TNS   : 0.000

Type  : Setup 'clk_500m_1s:inst|tffc[4]'
Slack : 0.805
TNS   : 0.000

Type  : Setup 'clk_500m_1s:inst|tffc[3]'
Slack : 1.556
TNS   : 0.000

Type  : Setup 'clk_500m_1s:inst|lpm_counter:cnt_inst|cntr_92j:auto_generated|safe_q[0]'
Slack : 4.398
TNS   : 0.000

Type  : Hold 'clk_500m_1s:inst|lpm_counter:cnt_inst|cntr_92j:auto_generated|safe_q[0]'
Slack : -4.452
TNS   : -4.452

Type  : Hold 'clk_500m_1s:inst|tffc[3]'
Slack : -1.610
TNS   : -1.610

Type  : Hold 'clk'
Slack : -1.493
TNS   : -2.653

Type  : Hold 'clk_500m_1s:inst|tffc[4]'
Slack : -0.859
TNS   : -0.859

Type  : Hold 'clk_500m_1s:inst|tffc[1]'
Slack : -0.847
TNS   : -0.847

Type  : Hold 'clk_500m_1s:inst|tffc[2]'
Slack : -0.511
TNS   : -0.511

Type  : Hold 'clk_500m_1s:inst|tffc[5]'
Slack : -0.504
TNS   : -0.504

Type  : Minimum Pulse Width 'clk'
Slack : -2.289
TNS   : -2.289

Type  : Minimum Pulse Width 'clk_500m_1s:inst|lpm_counter:cnt_inst|cntr_92j:auto_generated|safe_q[0]'
Slack : 0.234
TNS   : 0.000

Type  : Minimum Pulse Width 'clk_500m_1s:inst|tffc[1]'
Slack : 0.234
TNS   : 0.000

Type  : Minimum Pulse Width 'clk_500m_1s:inst|tffc[2]'
Slack : 0.234
TNS   : 0.000

Type  : Minimum Pulse Width 'clk_500m_1s:inst|tffc[3]'
Slack : 0.234
TNS   : 0.000

Type  : Minimum Pulse Width 'clk_500m_1s:inst|tffc[4]'
Slack : 0.234
TNS   : 0.000

Type  : Minimum Pulse Width 'clk_500m_1s:inst|tffc[5]'
Slack : 0.234
TNS   : 0.000

------------------------------------------------------------
