------------------------------------------------------------
Timing Analyzer Summary
------------------------------------------------------------

Type  : Setup 'debouncer:db3|d1'
Slack : -6.567
TNS   : -19.215

Type  : Setup 'debouncer:db1|d1'
Slack : -6.220
TNS   : -23.995

Type  : Setup 'clk_500m_1s:cl1|tffc[5]'
Slack : -5.810
TNS   : -12.808

Type  : Setup 'clk'
Slack : -5.633
TNS   : -201.065

Type  : Setup 'display_controller:inst8|display_selector:dspl_sel|tff1'
Slack : -1.805
TNS   : -5.245

Type  : Setup 'debouncer:db4|d1'
Slack : -1.238
TNS   : -1.238

Type  : Setup 'clk_500m_1s:cl1|tffc[2]'
Slack : 0.466
TNS   : 0.000

Type  : Setup 'clk_500m_1s:cl1|tffc[4]'
Slack : 0.467
TNS   : 0.000

Type  : Setup 'clk_500m_1s:cl1|tffc[3]'
Slack : 0.838
TNS   : 0.000

Type  : Setup 'clk_500m_1s:cl1|tffc[1]'
Slack : 1.402
TNS   : 0.000

Type  : Setup 'clk_500m_1s:cl1|lpm_counter:cnt_inst|cntr_92j:auto_generated|safe_q[0]'
Slack : 4.148
TNS   : 0.000

Type  : Setup 'display_controller:inst8|display_selector:dspl_sel|lpm_counter:cnt_inst|cntr_jti:auto_generated|safe_q[0]'
Slack : 4.338
TNS   : 0.000

Type  : Hold 'display_controller:inst8|display_selector:dspl_sel|lpm_counter:cnt_inst|cntr_jti:auto_generated|safe_q[0]'
Slack : -4.406
TNS   : -4.406

Type  : Hold 'clk_500m_1s:cl1|lpm_counter:cnt_inst|cntr_92j:auto_generated|safe_q[0]'
Slack : -4.202
TNS   : -4.202

Type  : Hold 'debouncer:db1|d1'
Slack : -2.196
TNS   : -7.889

Type  : Hold 'clk_500m_1s:cl1|tffc[5]'
Slack : -1.509
TNS   : -2.561

Type  : Hold 'clk'
Slack : -1.503
TNS   : -5.189

Type  : Hold 'clk_500m_1s:cl1|tffc[1]'
Slack : -1.456
TNS   : -1.456

Type  : Hold 'clk_500m_1s:cl1|tffc[3]'
Slack : -0.892
TNS   : -0.892

Type  : Hold 'debouncer:db3|d1'
Slack : -0.614
TNS   : -0.873

Type  : Hold 'clk_500m_1s:cl1|tffc[4]'
Slack : -0.521
TNS   : -0.521

Type  : Hold 'clk_500m_1s:cl1|tffc[2]'
Slack : -0.520
TNS   : -0.520

Type  : Hold 'display_controller:inst8|display_selector:dspl_sel|tff1'
Slack : 1.682
TNS   : 0.000

Type  : Hold 'debouncer:db4|d1'
Slack : 1.684
TNS   : 0.000

Type  : Recovery 'debouncer:db4|d1'
Slack : -10.935
TNS   : -10.935

Type  : Recovery 'clk'
Slack : -8.461
TNS   : -128.405

Type  : Recovery 'debouncer:db3|d1'
Slack : -7.876
TNS   : -23.628

Type  : Recovery 'debouncer:db1|d1'
Slack : -7.140
TNS   : -27.574

Type  : Recovery 'clk_500m_1s:cl1|tffc[5]'
Slack : -7.118
TNS   : -21.354

Type  : Removal 'debouncer:db1|d1'
Slack : -0.454
TNS   : -0.908

Type  : Removal 'clk_500m_1s:cl1|tffc[5]'
Slack : 0.256
TNS   : 0.000

Type  : Removal 'clk'
Slack : 0.982
TNS   : 0.000

Type  : Removal 'debouncer:db3|d1'
Slack : 1.180
TNS   : 0.000

Type  : Removal 'debouncer:db4|d1'
Slack : 3.444
TNS   : 0.000

Type  : Minimum Pulse Width 'clk'
Slack : -2.289
TNS   : -2.289

Type  : Minimum Pulse Width 'display_controller:inst8|display_selector:dspl_sel|lpm_counter:cnt_inst|cntr_jti:auto_generated|safe_q[0]'
Slack : 0.220
TNS   : 0.000

Type  : Minimum Pulse Width 'clk_500m_1s:cl1|lpm_counter:cnt_inst|cntr_92j:auto_generated|safe_q[0]'
Slack : 0.234
TNS   : 0.000

Type  : Minimum Pulse Width 'clk_500m_1s:cl1|tffc[1]'
Slack : 0.234
TNS   : 0.000

Type  : Minimum Pulse Width 'clk_500m_1s:cl1|tffc[2]'
Slack : 0.234
TNS   : 0.000

Type  : Minimum Pulse Width 'clk_500m_1s:cl1|tffc[3]'
Slack : 0.234
TNS   : 0.000

Type  : Minimum Pulse Width 'clk_500m_1s:cl1|tffc[4]'
Slack : 0.234
TNS   : 0.000

Type  : Minimum Pulse Width 'clk_500m_1s:cl1|tffc[5]'
Slack : 0.234
TNS   : 0.000

Type  : Minimum Pulse Width 'debouncer:db1|d1'
Slack : 0.234
TNS   : 0.000

Type  : Minimum Pulse Width 'debouncer:db3|d1'
Slack : 0.234
TNS   : 0.000

Type  : Minimum Pulse Width 'debouncer:db4|d1'
Slack : 0.234
TNS   : 0.000

Type  : Minimum Pulse Width 'display_controller:inst8|display_selector:dspl_sel|tff1'
Slack : 0.234
TNS   : 0.000

------------------------------------------------------------
