------------------------------------------------------------
Timing Analyzer Summary
------------------------------------------------------------

Type  : Setup 'debouncer:db1|d1'
Slack : -7.327
TNS   : -26.011

Type  : Setup 'clk'
Slack : -7.072
TNS   : -333.789

Type  : Setup 'clk_500m_1s:cl1|tffc[5]'
Slack : -6.799
TNS   : -15.717

Type  : Setup 'debouncer:db3|d1'
Slack : -6.727
TNS   : -24.491

Type  : Setup 'display_controller:inst8|display_selector:dspl_sel|tff1'
Slack : -1.718
TNS   : -4.922

Type  : Setup 'debouncer:db4|d1'
Slack : -1.251
TNS   : -2.242

Type  : Setup 'clk_500m_1s:cl1|tffc[2]'
Slack : 0.466
TNS   : 0.000

Type  : Setup 'clk_500m_1s:cl1|tffc[4]'
Slack : 0.467
TNS   : 0.000

Type  : Setup 'clk_500m_1s:cl1|tffc[3]'
Slack : 0.825
TNS   : 0.000

Type  : Setup 'clk_500m_1s:cl1|tffc[1]'
Slack : 1.179
TNS   : 0.000

Type  : Setup 'clk_500m_1s:cl1|lpm_counter:cnt_inst|cntr_92j:auto_generated|safe_q[0]'
Slack : 4.148
TNS   : 0.000

Type  : Setup 'display_controller:inst8|display_selector:dspl_sel|lpm_counter:cnt_inst|cntr_jti:auto_generated|safe_q[0]'
Slack : 4.326
TNS   : 0.000

Type  : Hold 'debouncer:db3|d1'
Slack : -6.256
TNS   : -23.873

Type  : Hold 'display_controller:inst8|display_selector:dspl_sel|lpm_counter:cnt_inst|cntr_jti:auto_generated|safe_q[0]'
Slack : -4.394
TNS   : -4.394

Type  : Hold 'clk_500m_1s:cl1|lpm_counter:cnt_inst|cntr_92j:auto_generated|safe_q[0]'
Slack : -4.202
TNS   : -4.202

Type  : Hold 'debouncer:db1|d1'
Slack : -3.214
TNS   : -10.885

Type  : Hold 'clk'
Slack : -1.503
TNS   : -5.189

Type  : Hold 'clk_500m_1s:cl1|tffc[1]'
Slack : -1.233
TNS   : -1.233

Type  : Hold 'clk_500m_1s:cl1|tffc[3]'
Slack : -0.879
TNS   : -0.879

Type  : Hold 'clk_500m_1s:cl1|tffc[4]'
Slack : -0.521
TNS   : -0.521

Type  : Hold 'clk_500m_1s:cl1|tffc[2]'
Slack : -0.520
TNS   : -0.520

Type  : Hold 'clk_500m_1s:cl1|tffc[5]'
Slack : 0.775
TNS   : 0.000

Type  : Hold 'debouncer:db4|d1'
Slack : 1.437
TNS   : 0.000

Type  : Hold 'display_controller:inst8|display_selector:dspl_sel|tff1'
Slack : 1.661
TNS   : 0.000

Type  : Recovery 'debouncer:db4|d1'
Slack : -9.830
TNS   : -13.652

Type  : Recovery 'clk'
Slack : -8.903
TNS   : -250.712

Type  : Recovery 'clk_500m_1s:cl1|tffc[5]'
Slack : -8.116
TNS   : -24.348

Type  : Recovery 'debouncer:db1|d1'
Slack : -6.927
TNS   : -26.720

Type  : Recovery 'debouncer:db3|d1'
Slack : -6.791
TNS   : -23.366

Type  : Removal 'debouncer:db3|d1'
Slack : -4.939
TNS   : -16.794

Type  : Removal 'debouncer:db1|d1'
Slack : -2.066
TNS   : -7.276

Type  : Removal 'clk'
Slack : 1.488
TNS   : 0.000

Type  : Removal 'debouncer:db4|d1'
Slack : 1.779
TNS   : 0.000

Type  : Removal 'clk_500m_1s:cl1|tffc[5]'
Slack : 2.691
TNS   : 0.000

Type  : Minimum Pulse Width 'clk'
Slack : -2.289
TNS   : -2.289

Type  : Minimum Pulse Width 'display_controller:inst8|display_selector:dspl_sel|lpm_counter:cnt_inst|cntr_jti:auto_generated|safe_q[0]'
Slack : 0.220
TNS   : 0.000

Type  : Minimum Pulse Width 'clk_500m_1s:cl1|lpm_counter:cnt_inst|cntr_92j:auto_generated|safe_q[0]'
Slack : 0.234
TNS   : 0.000

Type  : Minimum Pulse Width 'clk_500m_1s:cl1|tffc[1]'
Slack : 0.234
TNS   : 0.000

Type  : Minimum Pulse Width 'clk_500m_1s:cl1|tffc[2]'
Slack : 0.234
TNS   : 0.000

Type  : Minimum Pulse Width 'clk_500m_1s:cl1|tffc[3]'
Slack : 0.234
TNS   : 0.000

Type  : Minimum Pulse Width 'clk_500m_1s:cl1|tffc[4]'
Slack : 0.234
TNS   : 0.000

Type  : Minimum Pulse Width 'clk_500m_1s:cl1|tffc[5]'
Slack : 0.234
TNS   : 0.000

Type  : Minimum Pulse Width 'debouncer:db1|d1'
Slack : 0.234
TNS   : 0.000

Type  : Minimum Pulse Width 'debouncer:db3|d1'
Slack : 0.234
TNS   : 0.000

Type  : Minimum Pulse Width 'debouncer:db4|d1'
Slack : 0.234
TNS   : 0.000

Type  : Minimum Pulse Width 'display_controller:inst8|display_selector:dspl_sel|tff1'
Slack : 0.234
TNS   : 0.000

------------------------------------------------------------
